// Jest Snapshot v1, https://goo.gl/fbAQLP

exports[`Library should render properly 1`] = `
<button
  className="custom-button"
  type="button"
>
  Hello World
</button>
`;
